src/common/config/seedAdmin.ts(1,18): error TS2307: Cannot find module '../modules/user/user.model' or its corresponding type declarations.
src/modules/aimodel/aimodel.controller.ts(31,55): error TS2345: Argument of type 'string | string[]' is not assignable to parameter of type 'string'.
  Type 'string[]' is not assignable to type 'string'.
src/modules/aimodel/aimodel.controller.ts(36,58): error TS2345: Argument of type 'string | string[]' is not assignable to parameter of type 'string'.
  Type 'string[]' is not assignable to type 'string'.
src/modules/aimodel/aimodel.controller.ts(41,44): error TS2345: Argument of type 'string | string[]' is not assignable to parameter of type 'string'.
  Type 'string[]' is not assignable to type 'string'.
src/modules/category/category.controller.ts(31,60): error TS2345: Argument of type 'string | string[]' is not assignable to parameter of type 'string'.
  Type 'string[]' is not assignable to type 'string'.
src/modules/category/category.controller.ts(36,63): error TS2345: Argument of type 'string | string[]' is not assignable to parameter of type 'string'.
  Type 'string[]' is not assignable to type 'string'.
src/modules/category/category.controller.ts(41,46): error TS2345: Argument of type 'string | string[]' is not assignable to parameter of type 'string'.
  Type 'string[]' is not assignable to type 'string'.
src/modules/category/category.model.ts(25,5): error TS2349: This expression is not callable.
  Type 'Record<string, any>' has no call signatures.
src/modules/category/category.model.ts(25,5): error TS2722: Cannot invoke an object which is possibly 'undefined'.
src/modules/post/post.controller.ts(35,48): error TS2345: Argument of type 'string | string[]' is not assignable to parameter of type 'string'.
  Type 'string[]' is not assignable to type 'string'.
src/modules/post/post.controller.ts(40,51): error TS2345: Argument of type 'string | string[]' is not assignable to parameter of type 'string'.
  Type 'string[]' is not assignable to type 'string'.
src/modules/post/post.controller.ts(45,38): error TS2345: Argument of type 'string | string[]' is not assignable to parameter of type 'string'.
  Type 'string[]' is not assignable to type 'string'.
src/modules/post/post.model.ts(31,5): error TS2349: This expression is not callable.
  Type 'Record<string, any>' has no call signatures.
src/modules/post/post.model.ts(31,5): error TS2722: Cannot invoke an object which is possibly 'undefined'.
src/modules/user/token.service.ts(3,20): error TS2307: Cannot find module '../common/config/config' or its corresponding type declarations.
